<!DOCTYPE html>
<html>
<head>
  <title>Test</title>
  <!-- load source script -->
  <script src="main.3d2648a9.js" defer="defer" integrity="sha384-XwICU6e9MLuahXizdwaUvLq7hpm9/kwwV1iM/11pljs5CsVmkl+drgqayh/RPor0" crossorigin="anonymous"></script>
</head>
<body>
  <h1>Hello World!</h1>
</body>
</html>