<!DOCTYPE html>
<html>
<head>
  <title>Test</title>
  <!-- load source script -->
  <script src="runtime.c7a3e294.js" defer="defer" integrity="sha384-Y+0X1xrBDxkugu8pGfJkEm3RTd6p+1keGuf3bZfyWTMbo2Eq6QcYWrj8hDhKnIbu" crossorigin="anonymous"></script>
<script src="main.e0fbd2cb.js" defer="defer" integrity="sha384-wu5rM6ZsPSis3QSkE3NGcMLQqGRtb5XSzrAFeLGgpsViuZX3e27bZgwyMklKVHIv" crossorigin="anonymous"></script>
</head>
<body>
  <h1>Hello World!</h1>
</body>
</html>