<!DOCTYPE html>
<html>
<head>
  <title>Test</title>
  <!-- load source script -->
  <script src="main.9b057ccb.js" defer="defer" integrity="sha384-ggdLrEdWNvBs7LH/S4SyaEFbO2t56oes1B0CjLlhwrLnJSZ1o2wAxakX5PRB39+V" crossorigin="anonymous"></script>
</head>
<body>
  <h1>Hello World!</h1>
</body>
</html>