<!DOCTYPE html>
<html>
<head>
  <title>Test</title>
  <!-- load source script -->
  <script src="main.0e536020.js" defer="defer" integrity="sha384-WqceaqlIXQTn9Vrr7pnATf3SzxCooV8NZAbEQdOdopypc8+lWb2CQYxPmzjFSLwa" crossorigin="anonymous"></script>
</head>
<body>
  <h1>Hello World!</h1>
</body>
</html>