<!DOCTYPE html>
<html>
<head>
  <title>Test</title>
  <!-- load source script -->
  <link href="main.3181f55a.css" rel="stylesheet" integrity="sha384-TdZsgReEoI6+2+yOk7B1b4OYbhh72oQ23dM9iPSRAn8BCBiOmUAXLG0YZg/G1ep7" crossorigin="anonymous">
<script src="runtime.a3158c50.js" defer="defer" integrity="sha384-kebAKZxWk0cUwiPvU2sKSsihCez4oxVXw5bPrlSX4gwyHh2/6AD288+A0AeIG3PY" crossorigin="anonymous"></script>
<script src="main.bb32ae15.js" defer="defer" integrity="sha384-PwBxsm7o4qOcbuosD1JcISnBNH79SRozdbl5D9p9wTw7bIkLaS1duPP7BPXu1lDF" crossorigin="anonymous"></script>
</head>
<body>
  <h1>Hello World!</h1>
</body>
</html>