<!DOCTYPE html>
<html>
<head>
  <title>Test</title>
  <!-- load source script -->
  <script src="main.bundle.js" defer="defer" integrity="sha384-E4IoJ3Xutt/6tUVDjvtPwDTTlCfU5oG199UoqWShFCNx6mb4tdpcPLu7sLzNc8Pe sha512-IPOGiHNgb5N0oYthDVtPK+7FDzQCtX4g6FAVGjYfAk54E8d4ghu1duuXwTtk+yrmoulCvgulZHn5EDcirxJjzw==" crossorigin="anonymous"></script>
</head>
<body>
  <h1>Hello World!</h1>
</body>
</html>