<!DOCTYPE html>
<html>
<head>
</head>
<body>
  <h1>Hello World!</h1>
  <script src="js/runtime.205e0b13.js"></script>
<script src="js/225.bc0c5c4c.js"></script>
<script src="js/main.9f1eb66f.js"></script>
  <!-- Note:
  here are injected not all generated split chunks.
  It is OK because other chunks are loaded dynamically at runtime from injected chunks.
  -->
</body>
</html>