<!DOCTYPE html>
<html>
  <head>
    <script src="assets/js/vendor.c984c38f.js"></script>
  </head>
  <body>
    <h1>Home</h1>
  </body>
</html>