<!DOCTYPE html>
<html lang="en">
<head>
  <title>Ein Titel</title>
  <script>
    // the data are avaliable in a JS file
    const locales = {"title":"Ein Titel","language":"Deutsch","my_language":"Meine Sprache"};
  </script>
  <script src="../main.js" defer="defer"></script>
</head>
<body>
  <h1>Ein Titel</h1>
  <p>Meine Sprache: "Deutsch"</p>
  <a href="/index.html">EN</a> | <a href="/de/index.html">DE</a>
</body>
</html>