<!DOCTYPE html>
<html>
<head>
  <title>Test</title>
  <!-- load source script -->
  <script src="main.97774508.js" defer="defer" integrity="sha384-3I+alI3PR3qo3UGYvx000sdyrgYb/Azn5OzBccRt2fhPMQYW73uYAFPLDbhe4A/t" crossorigin="anonymous"></script>
</head>
<body>
  <h1>Hello World!</h1>
</body>
</html>