<!DOCTYPE html>
<html>
<head>
  <title>Test</title>
  <!-- load source script -->
  <script src="main.bundle.js" defer="defer" integrity="sha256-EoSeoFAZOmSlp3GKyxYPybtfotwjOxy2s70mgZjza7k=" crossorigin="anonymous"></script>
</head>
<body>
  <h1>Hello World!</h1>
</body>
</html>