<!DOCTYPE html>
<html>
<head>
  <title>Test</title>
  <!-- load source script -->
  <script src="main.02216852.js" defer="defer" integrity="sha384-gDyXiTUZasbiJbZWwv4sdYJmNk0jLgnYahStcURfz112x5+EBKFyXMyRnQtqRZ1P" crossorigin="anonymous"></script>
</head>
<body>
  <h1>Hello World!</h1>
</body>
</html>