<!DOCTYPE html>
<html>
<head>
  <title>About</title>
</head>
<body>
  <h1>Welcome to About website</h1>
  <a href="/pages/index.html">home</a>
</body>
</html>