<!DOCTYPE html>
<html>
<head>
  <title>Test</title>
  <!-- load source script -->
  <script src="main.63bc24ae.js" defer="defer" integrity="sha384-DNtJQX6kWcJC7uXYOeCbq2Gc/zSiDXdYCkPazGbkNonQNf8a8boS2j5OiUm/Yect" crossorigin="anonymous"></script>
</head>
<body>
  <h1>Hello World!</h1>
</body>
</html>