<!DOCTYPE html>
<html>
<head>
  <link href="assets/css/style.bundle.css" rel="stylesheet">
  <script src="assets/js/runtime.bundle.js" defer="defer"></script>
<script src="assets/js/vendors.bundle.js" defer="defer"></script>
<script src="assets/js/index.bundle.js" defer="defer"></script>
</head>
<body>
  <h1>Hello World!</h1>
  <script src="assets/js/main.bundle.js"></script>
</body>
</html>