<!DOCTYPE html>
<html>
<head>
  <title>Test</title>
  <!-- load source script -->
  <script src="main.36b9962d.js" defer="defer" integrity="sha384-a5op/Q9WjK1HT49skiO+sueRlHL+KN30e2VKYt1art2VDuXaSaf+AVIhR+PujyJz" crossorigin="anonymous"></script>
</head>
<body>
  <h1>Hello World!</h1>
</body>
</html>