<!DOCTYPE html>
<html>
<head>
  <link href="assets/css/style.bundle.css" rel="stylesheet">
</head>
<body>
  <h1>About</h1>
  <script src="assets/js/scripts-node_modules_test-fixtures_js_src_fixture-script_js-src_assets_js_module-c_js.9bb875c4.js"></script>
<script src="assets/js/scripts-src_assets_js_main-b_js.3c228f03.js"></script>
<script src="assets/js/main-b.bundle.js"></script>
</body>
</html>