<!DOCTYPE html>
<html>
<head>
  <title>Test</title>
  <!-- load source script -->
  <script src="main.638b4792.js" defer="defer" integrity="sha384-nR/8lpwDkWzWEDmtGt23DKg65F2Bmj5vz2P2CIHHmndTgsaUx1aqkfig4HlO7ijk" crossorigin="anonymous"></script>
</head>
<body>
  <h1>Hello World!</h1>
</body>
</html>