<!DOCTYPE html>
<html>
<head>
  <script src="js/runtime.bundle.js" integrity="sha384-hLZZLT7BfJVRMMtuxQdjFwIcf/7hHN+WOTtR/jyXLn6G+Sc7jJ3pS3QYF5UMY8kn" crossorigin="anonymous"></script>
<script src="js/107.bundle.js" integrity="sha384-h1DYrjeeZCetJ2huYGPw3qtbTwBv/HPIoBUTQNbja+deq+bZNVUHyNWK4bwfMPbd" crossorigin="anonymous"></script>
<script src="js/671.bundle.js" integrity="sha384-TmgLpB8eXpVnN0h+SzFYLcU6ADQVrvJga2o0O2y+MgsfeNVPefxCXGWycFSX6W3J" crossorigin="anonymous"></script>
<script src="js/192.bundle.js" integrity="sha384-rYE2bCojtWS0a6R3AUHd8M1hkkOIT/KYExVkOqvvHStWQTWyARv3MbboLo0+qgXo" crossorigin="anonymous"></script>
<script src="js/450.bundle.js" integrity="sha384-aHqHH8gQxlPfG6rLdNTY4vvE7rcj/ckzjC/lvCWoA3+XrtCAziU4TTf9/uFgiAOD" crossorigin="anonymous"></script>
<script src="js/app.bundle.js" integrity="sha384-8Q9nfxgC/4ch2VXg51aJzHzjCLwawrAOiFmy5G5iaDbqcirqpJ3vIj5aF3zL/pPA" crossorigin="anonymous"></script>
</head>
<body>
  <h1>Home</h1>
</body>
</html>