<!DOCTYPE html>
<html>
<head>
  <title>Test</title>
  <!-- load source script -->
  <script src="main.bundle.js" defer="defer" integrity="sha384-PTShB5mBQQo7KK3kYuPeUe76IeCtH4YoCxq30CJLFECsm9/zN6ulV76Ce7EGyNMd" crossorigin="anonymous"></script>
</head>
<body>
  <h1>Hello World!</h1>
</body>
</html>