<!DOCTYPE html>
<html lang="en">
<head>
  <title>Some title</title>
  <script>
    // the data are avaliable in a JS file
    const locales = {"title":"Some title","language":"English","my_language":"My language"};
  </script>
  <script src="main.js" defer="defer"></script>
</head>
<body>
  <h1>Some title</h1>
  <p>My language: "English"</p>
  <a href="/index.html">EN</a> | <a href="/de/index.html">DE</a>
</body>
</html>