<!DOCTYPE html>
<html>
<head>
  <title>Home</title>
</head>
<body>
  <h1>Welcome to Homepage website</h1>
  <a href="/pages/about.html">about</a>
</body>
</html>