<!DOCTYPE html>
<html>
<head>
  <title>Test</title>
  <!-- load source script -->
  <script src="main.64387b71.js" defer="defer" integrity="sha384-xmjWn6mbBzww9DBQYb8b4vsZIxVb8zhQ7RAdSRKP0RWCIUWo3Pk74SSRtM/lEkst" crossorigin="anonymous"></script>
</head>
<body>
  <h1>Hello World!</h1>
</body>
</html>