<!DOCTYPE html>
<html>
<head>
  <title>Test</title>
  <!-- load source script -->
  <link href="main.dc4ea4af.css" rel="stylesheet" integrity="sha384-gaDmgJjLpipN1Jmuc98geFnDjVqWn1fixlG0Ab90qFyUIJ4ARXlKBsMGumxTSu7E" crossorigin="anonymous">
<script src="main.761e0246.js" defer="defer" integrity="sha384-KJ7luWqkTru40uDDYN7hn1Mk+whTDkRsNYJORpTsX1WG+jJxxS46dILRbA3EVEYs" crossorigin="anonymous"></script>
</head>
<body>
  <h1>Hello World!</h1>
</body>
</html>