<!DOCTYPE html>
<html>
<head>
  <link href="assets/css/style.7f152e84.css" rel="stylesheet">
</head>
<body>
  <h1>Hello World!</h1>
  <script src="assets/js/runtime.8af7e209.js"></script>
<script src="assets/js/225.74bc208e.js"></script>
<script src="assets/js/main.9f1eb66f.js"></script>
  <!-- Note:
  here are injected not all generated split chunks.
  It is OK because other chunks are loaded dynamically at runtime from injected chunks.
  -->
</body>
</html>