<!DOCTYPE html>
<html>
<head>
  <link href="assets/css/style.bundle.css" rel="stylesheet">
</head>
<body>
  <h1>About</h1>
  <script src="assets/js/574.d9b8b8bd.js"></script>
<script src="assets/js/691.e11602ee.js"></script>
<script src="assets/js/17.0e24d13a.js"></script>
<script src="assets/js/main-b.bundle.js"></script>
</body>
</html>