<!DOCTYPE html>
<html>
<head>
  <link href="assets/css/style.bundle.css" rel="stylesheet">
</head>
<body>
  <h1>Home</h1>
  <script src="assets/js/574.d9b8b8bd.js"></script>
<script src="assets/js/416.dfafe31f.js"></script>
<script src="assets/js/168.b716859a.js"></script>
<script src="assets/js/main-a.bundle.js"></script>
</body>
</html>