<!DOCTYPE html>
<html>
<head>
  <title>Test</title>
  <!-- load source script -->
  <script src="main.d4c932c3.js" defer="defer" integrity="sha384-CJK/Vq0CC9sKWOOpViZTcpodaDHapDAIzjy7Ao8oSKgzaVQYc0QxgxPKFyfEG8HM" crossorigin="anonymous"></script>
</head>
<body>
  <h1>Hello World!</h1>
</body>
</html>