<!DOCTYPE html>
<html>
<head>
  <title>Prod</title>
  <!-- load source script -->
  <link href="main.css" rel="stylesheet" integrity="sha384-P3uRZYJvNVccCqk2iQVGvwDZOYfrwSq1FHv6Ahsf4lBoPPD3ODc0xdEdeom27+CM" crossorigin="anonymous">
<script src="main.e970e1a4.js" defer="defer" integrity="sha384-EbEFuqAntH4irhyVrenbT7+ek/Z0E3jU7NUcSibPL+qUpgivmuhWVjOi54eLqASN" crossorigin="anonymous"></script>
</head>
<body>
  <h1>Hello World!</h1>
  <img src="imac.d12b81b0.png">
</body>
</html>