<!DOCTYPE html>
<html>
<head>
  <title>Test</title>
  <!-- load source script -->
  <script src="main.8bfb0734.js" defer="defer" integrity="sha384-gSqyDOsW3Rb4dlRSCcglopdgC7HEOtFRrxG2rWiOTte4RcD/xgkb1A0UBpFmFfOS" crossorigin="anonymous"></script>
</head>
<body>
  <h1>Hello World!</h1>
</body>
</html>