<!DOCTYPE html>
<html>
<head>
  <title>Test</title>
  <!-- load source script -->
  <script src="main.6d8c620c.js" defer="defer" integrity="sha384-S8S70sAz5ySba3oDMCuGdjsD7+0m/x/IEHqOieIBFttRHtM1CmN7FFq4mPVR8JxJ" crossorigin="anonymous"></script>
</head>
<body>
  <h1>Hello World!</h1>
</body>
</html>