<!DOCTYPE html>
<html>
<head>
  <link href="assets/css/style.7f152e84.css" rel="stylesheet">
</head>
<body>
  <h1>Hello World!</h1>
  <script src="custom-path/js/runtime.6276db34.js"></script>
<script src="custom-path/js/225.bc0c5c4c.js"></script>
<script src="custom-path/js/main.9f1eb66f.js"></script>
  <!-- Note:
  here are injected not all generated split chunks.
  It is OK because other chunks are loaded dynamically at runtime from injected chunks.
  -->
</body>
</html>